
> portfolio@0.1.0 build
> next build

  Γû▓ Next.js 14.2.5

   Creating an optimized production build ...
 Γ£ô Compiled successfully
   Linting and checking validity of types ...

./src/components/ScrollyCanvas.tsx
95:8  Warning: React Hook useEffect has missing dependencies: 'frameIndex' and 'renderFrame'. Either include them or remove the dependency array.  react-hooks/exhaustive-deps

info  - Need to disable some ESLint rules? Learn more here: https://nextjs.org/docs/basic-features/eslint#disabling-rules
   Collecting page data ...
   Generating static pages (0/5) ...
   Generating static pages (1/5) 
   Generating static pages (2/5) 
   Generating static pages (3/5) 
 Γ£ô Generating static pages (5/5)
   Finalizing page optimization ...
   Collecting build traces ...

Route (app)                              Size     First Load JS
Γöî Γùï /                                    24.2 kB         154 kB
Γöö Γùï /_not-found                          871 B            88 kB
+ First Load JS shared by all            87.1 kB
  Γö£ chunks/23-564dff0a59655339.js        31.5 kB
  Γö£ chunks/fd9d1056-4a917af64af6b262.js  53.6 kB
  Γöö other shared chunks (total)          1.95 kB


Γùï  (Static)  prerendered as static content

